[Nest] 16468  - 04/19/2026, 1:52:46 PM   ERROR [MongooseModule] Unable to connect to the database. Retrying (1)...
Error: querySrv ECONNREFUSED _mongodb._tcp.cluster0.c56dwv7.mongodb.net
    at QueryReqWrap.onresolve [as oncomplete] (node:internal/dns/promises:294:17)
[Nest] 16468  - 04/19/2026, 1:52:49 PM   ERROR [MongooseModule] Unable to connect to the database. Retrying (2)...
Error: querySrv ECONNREFUSED _mongodb._tcp.cluster0.c56dwv7.mongodb.net
    at QueryReqWrap.onresolve [as oncomplete] (node:internal/dns/promises:294:17)
[Nest] 16468  - 04/19/2026, 1:52:52 PM   ERROR [MongooseModule] Unable to connect to the database. Retrying (3)...
Error: querySrv ECONNREFUSED _mongodb._tcp.cluster0.c56dwv7.mongodb.net
    at QueryReqWrap.onresolve [as oncomplete] (node:internal/dns/promises:294:17)
[Nest] 16468  - 04/19/2026, 1:52:55 PM   ERROR [MongooseModule] Unable to connect to the database. Retrying (4)...
Error: querySrv ECONNREFUSED _mongodb._tcp.cluster0.c56dwv7.mongodb.net
    at QueryReqWrap.onresolve [as oncomplete] (node:internal/dns/promises:294:17)
[Nest] 16468  - 04/19/2026, 1:52:58 PM   ERROR [MongooseModule] Unable to connect to the database. Retrying (5)...
Error: querySrv ECONNREFUSED _mongodb._tcp.cluster0.c56dwv7.mongodb.net
    at QueryReqWrap.onresolve [as oncomplete] (node:internal/dns/promises:294:17)
[Nest] 16468  - 04/19/2026, 1:53:01 PM   ERROR [MongooseModule] Unable to connect to the database. Retrying (6)...
Error: querySrv ECONNREFUSED _mongodb._tcp.cluster0.c56dwv7.mongodb.net
    at QueryReqWrap.onresolve [as oncomplete] (node:internal/dns/promises:294:17)
[Nest] 16468  - 04/19/2026, 1:53:04 PM   ERROR [MongooseModule] Unable to connect to the database. Retrying (7)...
Error: querySrv ECONNREFUSED _mongodb._tcp.cluster0.c56dwv7.mongodb.net
    at QueryReqWrap.onresolve [as oncomplete] (node:internal/dns/promises:294:17)
[Nest] 16468  - 04/19/2026, 1:53:07 PM   ERROR [MongooseModule] Unable to connect to the database. Retrying (8)...
Error: querySrv ECONNREFUSED _mongodb._tcp.cluster0.c56dwv7.mongodb.net
    at QueryReqWrap.onresolve [as oncomplete] (node:internal/dns/promises:294:17)
[Nest] 16468  - 04/19/2026, 1:53:10 PM   ERROR [MongooseModule] Unable to connect to the database. Retrying (9)...
Error: querySrv ECONNREFUSED _mongodb._tcp.cluster0.c56dwv7.mongodb.net
    at QueryReqWrap.onresolve [as oncomplete] (node:internal/dns/promises:294:17)
[Nest] 16468  - 04/19/2026, 1:53:10 PM   ERROR [ExceptionHandler] Error: querySrv ECONNREFUSED _mongodb._tcp.cluster0.c56dwv7.mongodb.net
    at QueryReqWrap.onresolve [as oncomplete] (node:internal/dns/promises:294:17) {
  errno: undefined,
  code: 'ECONNREFUSED',
  syscall: 'querySrv',
  hostname: '_mongodb._tcp.cluster0.c56dwv7.mongodb.net'
}
